
> react-kavia@0.1.0 start
> react-scripts start

(node:546) [DEP_WEBPACK_DEV_SERVER_ON_AFTER_SETUP_MIDDLEWARE] DeprecationWarning: 'onAfterSetupMiddleware' option is deprecated. Please use the 'setupMiddlewares' option.
(Use `node --trace-deprecation ...` to show where the warning was created)
(node:546) [DEP_WEBPACK_DEV_SERVER_ON_BEFORE_SETUP_MIDDLEWARE] DeprecationWarning: 'onBeforeSetupMiddleware' option is deprecated. Please use the 'setupMiddlewares' option.
Starting the development server...

Compiled successfully!

You can now view react-kavia in the browser.

  Local:            http://localhost:3000
  On Your Network:  http://172.17.0.2:3000

Note that the development build is not optimized.
To create a production build, use npm run build.

webpack compiled successfully
Compiling...
Compiled successfully!
webpack compiled successfully
Compiling...
Failed to compile.

Module not found: Error: Can't resolve 'react-router-dom' in '/home/kavia/workspace/code-generation/learnsphere-nexus-26660-bfb4917f/learnsphere_nexus/src'
ERROR in ./src/App.js 5:0-90
Module not found: Error: Can't resolve 'react-router-dom' in '/home/kavia/workspace/code-generation/learnsphere-nexus-26660-bfb4917f/learnsphere_nexus/src'

webpack compiled with 1 error
Compiling...
Failed to compile.

Module not found: Error: Can't resolve 'react-router-dom' in '/home/kavia/workspace/code-generation/learnsphere-nexus-26660-bfb4917f/learnsphere_nexus/src'
ERROR in ./src/App.js 5:0-90
Module not found: Error: Can't resolve 'react-router-dom' in '/home/kavia/workspace/code-generation/learnsphere-nexus-26660-bfb4917f/learnsphere_nexus/src'

webpack compiled with 1 error
Compiling...
Failed to compile.

Module not found: Error: Can't resolve 'react-router-dom' in '/home/kavia/workspace/code-generation/learnsphere-nexus-26660-bfb4917f/learnsphere_nexus/src'
LOG from webpack.FileSystemInfo
<w> Managed item /home/kavia/workspace/code-generation/learnsphere-nexus-26660-bfb4917f/learnsphere_nexus/node_modules/react-router-dom isn't a directory or doesn't contain a package.json (see snapshot.managedPaths option)
+ 13 hidden lines

ERROR in ./src/App.js 5:0-90
Module not found: Error: Can't resolve 'react-router-dom' in '/home/kavia/workspace/code-generation/learnsphere-nexus-26660-bfb4917f/learnsphere_nexus/src'

webpack compiled with 1 error
Compiling...
Failed to compile.

Attempted import error: 'Link' is not exported from 'react-router-dom' (imported as 'Link').
LOG from webpack.FileSystemInfo
<w> Managed item /home/kavia/workspace/code-generation/learnsphere-nexus-26660-bfb4917f/learnsphere_nexus/node_modules/react-router isn't a directory or doesn't contain a package.json (see snapshot.managedPaths option)
+ 13 hidden lines

ERROR in ./src/App.js 36:37-41
export 'Link' (imported as 'Link') was not found in 'react-router-dom' (module has no exports)

ERROR in ./src/App.js 156:87-91
export 'Link' (imported as 'Link') was not found in 'react-router-dom' (module has no exports)

ERROR in ./src/App.js 183:30-36
export 'BrowserRouter' (imported as 'Router') was not found in 'react-router-dom' (module has no exports)

ERROR in ./src/App.js 214:44-48
export 'Link' (imported as 'Link') was not found in 'react-router-dom' (module has no exports)

ERROR in ./src/App.js 223:43-47
export 'Link' (imported as 'Link') was not found in 'react-router-dom' (module has no exports)

ERROR in ./src/App.js 232:43-47
export 'Link' (imported as 'Link') was not found in 'react-router-dom' (module has no exports)

ERROR in ./src/App.js 259:39-45
export 'Routes' (imported as 'Routes') was not found in 'react-router-dom' (module has no exports)

ERROR in ./src/App.js 260:42-47
export 'Route' (imported as 'Route') was not found in 'react-router-dom' (module has no exports)

ERROR in ./src/App.js 271:41-46
export 'Route' (imported as 'Route') was not found in 'react-router-dom' (module has no exports)

ERROR in ./src/App.js 282:41-46
export 'Route' (imported as 'Route') was not found in 'react-router-dom' (module has no exports)

ERROR in ./src/App.js 293:41-46
export 'Route' (imported as 'Route') was not found in 'react-router-dom' (module has no exports)

ERROR in ./src/App.js 304:41-46
export 'Route' (imported as 'Route') was not found in 'react-router-dom' (module has no exports)

ERROR in ./src/App.js 306:42-50
export 'Navigate' (imported as 'Navigate') was not found in 'react-router-dom' (module has no exports)

ERROR in ./node_modules/react-router-dom/dist/index.mjs 13:0-66
Module not found: Error: Can't resolve 'react-router/dom' in '/home/kavia/workspace/code-generation/learnsphere-nexus-26660-bfb4917f/learnsphere_nexus/node_modules/react-router-dom/dist'

ERROR in ./node_modules/react-router-dom/dist/index.mjs 14:0-29
Module not found: Error: Can't resolve 'react-router' in '/home/kavia/workspace/code-generation/learnsphere-nexus-26660-bfb4917f/learnsphere_nexus/node_modules/react-router-dom/dist'

webpack compiled with 15 errors
Compiling...
Failed to compile.

Attempted import error: 'Link' is not exported from 'react-router-dom' (imported as 'Link').
ERROR in ./src/App.js 36:37-41
export 'Link' (imported as 'Link') was not found in 'react-router-dom' (module has no exports)

ERROR in ./src/App.js 156:87-91
export 'Link' (imported as 'Link') was not found in 'react-router-dom' (module has no exports)

ERROR in ./src/App.js 183:30-36
export 'BrowserRouter' (imported as 'Router') was not found in 'react-router-dom' (module has no exports)

ERROR in ./src/App.js 214:44-48
export 'Link' (imported as 'Link') was not found in 'react-router-dom' (module has no exports)

ERROR in ./src/App.js 223:43-47
export 'Link' (imported as 'Link') was not found in 'react-router-dom' (module has no exports)

ERROR in ./src/App.js 232:43-47
export 'Link' (imported as 'Link') was not found in 'react-router-dom' (module has no exports)

ERROR in ./src/App.js 259:39-45
export 'Routes' (imported as 'Routes') was not found in 'react-router-dom' (module has no exports)

ERROR in ./src/App.js 260:42-47
export 'Route' (imported as 'Route') was not found in 'react-router-dom' (module has no exports)

ERROR in ./src/App.js 271:41-46
export 'Route' (imported as 'Route') was not found in 'react-router-dom' (module has no exports)

ERROR in ./src/App.js 282:41-46
export 'Route' (imported as 'Route') was not found in 'react-router-dom' (module has no exports)

ERROR in ./src/App.js 293:41-46
export 'Route' (imported as 'Route') was not found in 'react-router-dom' (module has no exports)

ERROR in ./src/App.js 304:41-46
export 'Route' (imported as 'Route') was not found in 'react-router-dom' (module has no exports)

ERROR in ./src/App.js 306:42-50
export 'Navigate' (imported as 'Navigate') was not found in 'react-router-dom' (module has no exports)

webpack compiled with 13 errors
Compiling...
